Java HotSpot(TM) 64-Bit Server VM (25.45-b02) for windows-amd64 JRE (1.8.0_45-b15), built on Apr 30 2015 12:40:44 by "java_re" with MS VC++ 10.0 (VS2010)
Memory: 4k page, physical 12488812k(6088580k free), swap 27562092k(16516984k free)
CommandLine flags: -XX:InitialHeapSize=536870912 -XX:MaxHeapSize=536870912 -XX:MaxNewSize=178958336 -XX:MaxTenuringThreshold=6 -XX:NewSize=178958336 -XX:OldPLABSize=16 -XX:OldSize=357912576 -XX:+PrintGC -XX:+PrintGCDateStamps -XX:+PrintGCDetails -XX:+PrintGCTimeStamps -XX:+UseCompressedClassPointers -XX:+UseCompressedOops -XX:+UseConcMarkSweepGC -XX:-UseLargePagesIndividualAllocation -XX:+UseParNewGC 
2020-10-28T17:12:15.441+0800: 0.157: [GC (Allocation Failure) 0.157: [ParNew: 139776K->17471K(157248K), 0.0093599 secs] 139776K->41581K(506816K), 0.0095332 secs] [Times: user=0.05 sys=0.08, real=0.01 secs] 
2020-10-28T17:12:15.484+0800: 0.199: [GC (Allocation Failure) 0.199: [ParNew: 157247K->17470K(157248K), 0.0131991 secs] 181357K->82800K(506816K), 0.0132763 secs] [Times: user=0.00 sys=0.00, real=0.01 secs] 
2020-10-28T17:12:15.518+0800: 0.233: [GC (Allocation Failure) 0.233: [ParNew: 157225K->17471K(157248K), 0.0197279 secs] 222555K->124170K(506816K), 0.0197921 secs] [Times: user=0.11 sys=0.02, real=0.02 secs] 
2020-10-28T17:12:15.557+0800: 0.272: [GC (Allocation Failure) 0.272: [ParNew: 157147K->17470K(157248K), 0.0196441 secs] 263846K->165370K(506816K), 0.0197065 secs] [Times: user=0.23 sys=0.02, real=0.02 secs] 
2020-10-28T17:12:15.595+0800: 0.310: [GC (Allocation Failure) 0.310: [ParNew: 157002K->17471K(157248K), 0.0215859 secs] 304902K->211530K(506816K), 0.0216620 secs] [Times: user=0.11 sys=0.01, real=0.02 secs] 
2020-10-28T17:12:15.617+0800: 0.331: [GC (CMS Initial Mark) [1 CMS-initial-mark: 194058K(349568K)] 212274K(506816K), 0.0005554 secs] [Times: user=0.00 sys=0.00, real=0.00 secs] 
2020-10-28T17:12:15.617+0800: 0.332: [CMS-concurrent-mark-start]
2020-10-28T17:12:15.618+0800: 0.333: [CMS-concurrent-mark: 0.001/0.001 secs] [Times: user=0.00 sys=0.00, real=0.00 secs] 
2020-10-28T17:12:15.618+0800: 0.333: [CMS-concurrent-preclean-start]
2020-10-28T17:12:15.618+0800: 0.334: [CMS-concurrent-preclean: 0.000/0.000 secs] [Times: user=0.00 sys=0.00, real=0.00 secs] 
2020-10-28T17:12:15.618+0800: 0.334: [CMS-concurrent-abortable-preclean-start]
2020-10-28T17:12:15.636+0800: 0.352: [GC (Allocation Failure) 0.352: [ParNew: 157167K->17470K(157248K), 0.0193955 secs] 351226K->251221K(506816K), 0.0194576 secs] [Times: user=0.19 sys=0.03, real=0.02 secs] 
2020-10-28T17:12:15.675+0800: 0.391: [GC (Allocation Failure) 0.391: [ParNew: 157246K->17471K(157248K), 0.0226354 secs] 390997K->296756K(506816K), 0.0227004 secs] [Times: user=0.09 sys=0.02, real=0.02 secs] 
2020-10-28T17:12:15.718+0800: 0.433: [GC (Allocation Failure) 0.433: [ParNew: 157247K->17471K(157248K), 0.0227010 secs] 436532K->343242K(506816K), 0.0227642 secs] [Times: user=0.09 sys=0.02, real=0.02 secs] 
2020-10-28T17:12:15.741+0800: 0.457: [CMS-concurrent-abortable-preclean: 0.003/0.123 secs] [Times: user=0.44 sys=0.06, real=0.12 secs] 
2020-10-28T17:12:15.741+0800: 0.457: [GC (CMS Final Remark) [YG occupancy: 24071 K (157248 K)]0.457: [Rescan (parallel) , 0.0002087 secs]0.457: [weak refs processing, 0.0000068 secs]0.457: [class unloading, 0.0002329 secs]0.457: [scrub symbol table, 0.0003800 secs]0.458: [scrub string table, 0.0000978 secs][1 CMS-remark: 325771K(349568K)] 349842K(506816K), 0.0009802 secs] [Times: user=0.00 sys=0.00, real=0.00 secs] 
2020-10-28T17:12:15.742+0800: 0.458: [CMS-concurrent-sweep-start]
2020-10-28T17:12:15.743+0800: 0.458: [CMS-concurrent-sweep: 0.001/0.001 secs] [Times: user=0.00 sys=0.00, real=0.00 secs] 
2020-10-28T17:12:15.743+0800: 0.458: [CMS-concurrent-reset-start]
2020-10-28T17:12:15.744+0800: 0.459: [CMS-concurrent-reset: 0.001/0.001 secs] [Times: user=0.00 sys=0.00, real=0.00 secs] 
2020-10-28T17:12:15.762+0800: 0.477: [GC (Allocation Failure) 0.477: [ParNew: 157247K->17470K(157248K), 0.0130571 secs] 446910K->349599K(506816K), 0.0131167 secs] [Times: user=0.13 sys=0.00, real=0.01 secs] 
2020-10-28T17:12:15.775+0800: 0.491: [GC (CMS Initial Mark) [1 CMS-initial-mark: 332128K(349568K)] 349887K(506816K), 0.0000832 secs] [Times: user=0.00 sys=0.00, real=0.00 secs] 
2020-10-28T17:12:15.775+0800: 0.491: [CMS-concurrent-mark-start]
2020-10-28T17:12:15.777+0800: 0.492: [CMS-concurrent-mark: 0.001/0.001 secs] [Times: user=0.00 sys=0.00, real=0.00 secs] 
2020-10-28T17:12:15.777+0800: 0.492: [CMS-concurrent-preclean-start]
2020-10-28T17:12:15.777+0800: 0.493: [CMS-concurrent-preclean: 0.000/0.000 secs] [Times: user=0.00 sys=0.00, real=0.00 secs] 
2020-10-28T17:12:15.777+0800: 0.493: [CMS-concurrent-abortable-preclean-start]
2020-10-28T17:12:15.777+0800: 0.493: [CMS-concurrent-abortable-preclean: 0.000/0.000 secs] [Times: user=0.00 sys=0.00, real=0.00 secs] 
2020-10-28T17:12:15.777+0800: 0.493: [GC (CMS Final Remark) [YG occupancy: 35200 K (157248 K)]0.493: [Rescan (parallel) , 0.0001696 secs]0.493: [weak refs processing, 0.0000074 secs]0.493: [class unloading, 0.0001947 secs]0.493: [scrub symbol table, 0.0003672 secs]0.493: [scrub string table, 0.0000932 secs][1 CMS-remark: 332128K(349568K)] 367328K(506816K), 0.0008838 secs] [Times: user=0.00 sys=0.02, real=0.00 secs] 
2020-10-28T17:12:15.778+0800: 0.494: [CMS-concurrent-sweep-start]
2020-10-28T17:12:15.779+0800: 0.494: [CMS-concurrent-sweep: 0.001/0.001 secs] [Times: user=0.00 sys=0.00, real=0.00 secs] 
2020-10-28T17:12:15.779+0800: 0.494: [CMS-concurrent-reset-start]
2020-10-28T17:12:15.779+0800: 0.495: [CMS-concurrent-reset: 0.000/0.000 secs] [Times: user=0.00 sys=0.00, real=0.00 secs] 
2020-10-28T17:12:15.797+0800: 0.512: [GC (Allocation Failure) 0.512: [ParNew: 157246K->17470K(157248K), 0.0113650 secs] 393333K->300022K(506816K), 0.0114255 secs] [Times: user=0.00 sys=0.00, real=0.01 secs] 
2020-10-28T17:12:15.808+0800: 0.524: [GC (CMS Initial Mark) [1 CMS-initial-mark: 282551K(349568K)] 300272K(506816K), 0.0001434 secs] [Times: user=0.00 sys=0.00, real=0.00 secs] 
2020-10-28T17:12:15.809+0800: 0.524: [CMS-concurrent-mark-start]
2020-10-28T17:12:15.810+0800: 0.525: [CMS-concurrent-mark: 0.001/0.001 secs] [Times: user=0.00 sys=0.00, real=0.00 secs] 
2020-10-28T17:12:15.810+0800: 0.525: [CMS-concurrent-preclean-start]
2020-10-28T17:12:15.810+0800: 0.526: [CMS-concurrent-preclean: 0.000/0.000 secs] [Times: user=0.00 sys=0.00, real=0.00 secs] 
2020-10-28T17:12:15.810+0800: 0.526: [CMS-concurrent-abortable-preclean-start]
2020-10-28T17:12:15.829+0800: 0.544: [GC (Allocation Failure) 0.545: [ParNew: 157246K->17471K(157248K), 0.0115255 secs] 439798K->346672K(506816K), 0.0115888 secs] [Times: user=0.00 sys=0.00, real=0.01 secs] 
2020-10-28T17:12:15.841+0800: 0.557: [CMS-concurrent-abortable-preclean: 0.001/0.031 secs] [Times: user=0.02 sys=0.00, real=0.03 secs] 
2020-10-28T17:12:15.841+0800: 0.557: [GC (CMS Final Remark) [YG occupancy: 26213 K (157248 K)]0.557: [Rescan (parallel) , 0.0002737 secs]0.557: [weak refs processing, 0.0000074 secs]0.557: [class unloading, 0.0002024 secs]0.557: [scrub symbol table, 0.0003455 secs]0.558: [scrub string table, 0.0000901 secs][1 CMS-remark: 329200K(349568K)] 355414K(506816K), 0.0009702 secs] [Times: user=0.00 sys=0.00, real=0.00 secs] 
2020-10-28T17:12:15.842+0800: 0.558: [CMS-concurrent-sweep-start]
2020-10-28T17:12:15.843+0800: 0.559: [CMS-concurrent-sweep: 0.001/0.001 secs] [Times: user=0.00 sys=0.00, real=0.00 secs] 
2020-10-28T17:12:15.843+0800: 0.559: [CMS-concurrent-reset-start]
2020-10-28T17:12:15.844+0800: 0.559: [CMS-concurrent-reset: 0.000/0.000 secs] [Times: user=0.00 sys=0.00, real=0.00 secs] 
2020-10-28T17:12:15.861+0800: 0.576: [GC (Allocation Failure) 0.576: [ParNew: 157247K->157247K(157248K), 0.0000148 secs]0.576: [CMS: 301774K->301002K(349568K), 0.0505104 secs] 459022K->301002K(506816K), [Metaspace: 2566K->2566K(1056768K)], 0.0505930 secs] [Times: user=0.05 sys=0.00, real=0.05 secs] 
2020-10-28T17:12:15.911+0800: 0.627: [GC (CMS Initial Mark) [1 CMS-initial-mark: 301002K(349568K)] 301146K(506816K), 0.0001773 secs] [Times: user=0.00 sys=0.00, real=0.00 secs] 
2020-10-28T17:12:15.912+0800: 0.627: [CMS-concurrent-mark-start]
2020-10-28T17:12:15.913+0800: 0.628: [CMS-concurrent-mark: 0.001/0.001 secs] [Times: user=0.00 sys=0.00, real=0.00 secs] 
2020-10-28T17:12:15.913+0800: 0.628: [CMS-concurrent-preclean-start]
2020-10-28T17:12:15.913+0800: 0.629: [CMS-concurrent-preclean: 0.000/0.000 secs] [Times: user=0.00 sys=0.00, real=0.00 secs] 
2020-10-28T17:12:15.913+0800: 0.629: [CMS-concurrent-abortable-preclean-start]
2020-10-28T17:12:15.932+0800: 0.647: [GC (Allocation Failure) 0.647: [ParNew: 139672K->17471K(157248K), 0.0079384 secs] 440674K->342373K(506816K), 0.0079991 secs] [Times: user=0.13 sys=0.00, real=0.01 secs] 
2020-10-28T17:12:15.960+0800: 0.675: [GC (Allocation Failure) 0.675: [ParNew: 157247K->157247K(157248K), 0.0000131 secs]0.675: [CMS2020-10-28T17:12:15.960+0800: 0.675: [CMS-concurrent-abortable-preclean: 0.001/0.046 secs] [Times: user=0.16 sys=0.00, real=0.05 secs] 
 (concurrent mode failure): 324902K->313817K(349568K), 0.0548431 secs] 482149K->313817K(506816K), [Metaspace: 2566K->2566K(1056768K)], 0.0549343 secs] [Times: user=0.06 sys=0.00, real=0.06 secs] 
2020-10-28T17:12:16.035+0800: 0.750: [GC (Allocation Failure) 0.750: [ParNew: 139706K->17471K(157248K), 0.0115409 secs] 453523K->363367K(506816K), 0.0116897 secs] [Times: user=0.13 sys=0.00, real=0.01 secs] 
2020-10-28T17:12:16.047+0800: 0.762: [GC (CMS Initial Mark) [1 CMS-initial-mark: 345896K(349568K)] 363476K(506816K), 0.0003150 secs] [Times: user=0.00 sys=0.00, real=0.00 secs] 
2020-10-28T17:12:16.047+0800: 0.762: [CMS-concurrent-mark-start]
2020-10-28T17:12:16.049+0800: 0.764: [CMS-concurrent-mark: 0.001/0.001 secs] [Times: user=0.00 sys=0.00, real=0.00 secs] 
2020-10-28T17:12:16.049+0800: 0.764: [CMS-concurrent-preclean-start]
2020-10-28T17:12:16.049+0800: 0.764: [CMS-concurrent-preclean: 0.000/0.000 secs] [Times: user=0.00 sys=0.00, real=0.00 secs] 
2020-10-28T17:12:16.049+0800: 0.764: [CMS-concurrent-abortable-preclean-start]
2020-10-28T17:12:16.049+0800: 0.764: [CMS-concurrent-abortable-preclean: 0.000/0.000 secs] [Times: user=0.00 sys=0.00, real=0.00 secs] 
2020-10-28T17:12:16.049+0800: 0.764: [GC (CMS Final Remark) [YG occupancy: 32646 K (157248 K)]0.764: [Rescan (parallel) , 0.0003051 secs]0.764: [weak refs processing, 0.0000165 secs]0.764: [class unloading, 0.0002988 secs]0.765: [scrub symbol table, 0.0003775 secs]0.765: [scrub string table, 0.0000944 secs][1 CMS-remark: 345896K(349568K)] 378542K(506816K), 0.0011373 secs] [Times: user=0.00 sys=0.00, real=0.00 secs] 
2020-10-28T17:12:16.050+0800: 0.765: [CMS-concurrent-sweep-start]
2020-10-28T17:12:16.051+0800: 0.766: [CMS-concurrent-sweep: 0.001/0.001 secs] [Times: user=0.00 sys=0.00, real=0.00 secs] 
2020-10-28T17:12:16.051+0800: 0.766: [CMS-concurrent-reset-start]
2020-10-28T17:12:16.051+0800: 0.766: [CMS-concurrent-reset: 0.000/0.000 secs] [Times: user=0.00 sys=0.00, real=0.00 secs] 
2020-10-28T17:12:16.068+0800: 0.783: [GC (Allocation Failure) 0.783: [ParNew (promotion failed): 157222K->157220K(157248K), 0.0120635 secs]0.795: [CMS: 347480K->326165K(349568K), 0.0538155 secs] 461185K->326165K(506816K), [Metaspace: 2566K->2566K(1056768K)], 0.0659726 secs] [Times: user=0.17 sys=0.00, real=0.07 secs] 
2020-10-28T17:12:16.134+0800: 0.849: [GC (CMS Initial Mark) [1 CMS-initial-mark: 326165K(349568K)] 326453K(506816K), 0.0001420 secs] [Times: user=0.00 sys=0.00, real=0.00 secs] 
2020-10-28T17:12:16.134+0800: 0.849: [CMS-concurrent-mark-start]
2020-10-28T17:12:16.136+0800: 0.851: [CMS-concurrent-mark: 0.001/0.001 secs] [Times: user=0.00 sys=0.00, real=0.00 secs] 
2020-10-28T17:12:16.136+0800: 0.851: [CMS-concurrent-preclean-start]
2020-10-28T17:12:16.136+0800: 0.851: [CMS-concurrent-preclean: 0.000/0.000 secs] [Times: user=0.00 sys=0.00, real=0.00 secs] 
2020-10-28T17:12:16.136+0800: 0.851: [CMS-concurrent-abortable-preclean-start]
2020-10-28T17:12:16.153+0800: 0.868: [GC (Allocation Failure) 0.868: [ParNew: 139668K->139668K(157248K), 0.0000185 secs]0.868: [CMS2020-10-28T17:12:16.153+0800: 0.869: [CMS-concurrent-abortable-preclean: 0.000/0.017 secs] [Times: user=0.02 sys=0.00, real=0.02 secs] 
 (concurrent mode failure): 326165K->334606K(349568K), 0.0555039 secs] 465833K->334606K(506816K), [Metaspace: 2566K->2566K(1056768K)], 0.0556011 secs] [Times: user=0.05 sys=0.02, real=0.06 secs] 
2020-10-28T17:12:16.229+0800: 0.944: [GC (Allocation Failure) 0.944: [ParNew: 139389K->139389K(157248K), 0.0000128 secs]0.944: [CMS: 334606K->338927K(349568K), 0.0564006 secs] 473995K->338927K(506816K), [Metaspace: 2566K->2566K(1056768K)], 0.0564852 secs] [Times: user=0.06 sys=0.00, real=0.06 secs] 
2020-10-28T17:12:16.286+0800: 1.001: [GC (CMS Initial Mark) [1 CMS-initial-mark: 338927K(349568K)] 342436K(506816K), 0.0004647 secs] [Times: user=0.00 sys=0.00, real=0.00 secs] 
2020-10-28T17:12:16.286+0800: 1.001: [CMS-concurrent-mark-start]
2020-10-28T17:12:16.288+0800: 1.003: [CMS-concurrent-mark: 0.002/0.002 secs] [Times: user=0.00 sys=0.00, real=0.00 secs] 
2020-10-28T17:12:16.288+0800: 1.003: [CMS-concurrent-preclean-start]
2020-10-28T17:12:16.288+0800: 1.003: [CMS-concurrent-preclean: 0.001/0.001 secs] [Times: user=0.00 sys=0.00, real=0.00 secs] 
2020-10-28T17:12:16.288+0800: 1.003: [CMS-concurrent-abortable-preclean-start]
2020-10-28T17:12:16.288+0800: 1.003: [CMS-concurrent-abortable-preclean: 0.000/0.000 secs] [Times: user=0.00 sys=0.00, real=0.00 secs] 
2020-10-28T17:12:16.288+0800: 1.004: [GC (CMS Final Remark) [YG occupancy: 15486 K (157248 K)]1.004: [Rescan (parallel) , 0.0005408 secs]1.004: [weak refs processing, 0.0000080 secs]1.004: [class unloading, 0.0002004 secs]1.004: [scrub symbol table, 0.0004468 secs]1.005: [scrub string table, 0.0001049 secs][1 CMS-remark: 338927K(349568K)] 354413K(506816K), 0.0013810 secs] [Times: user=0.00 sys=0.00, real=0.00 secs] 
2020-10-28T17:12:16.290+0800: 1.005: [CMS-concurrent-sweep-start]
2020-10-28T17:12:16.290+0800: 1.006: [CMS-concurrent-sweep: 0.001/0.001 secs] [Times: user=0.00 sys=0.00, real=0.00 secs] 
2020-10-28T17:12:16.290+0800: 1.006: [CMS-concurrent-reset-start]
2020-10-28T17:12:16.291+0800: 1.006: [CMS-concurrent-reset: 0.000/0.000 secs] [Times: user=0.00 sys=0.00, real=0.00 secs] 
2020-10-28T17:12:16.310+0800: 1.025: [GC (Allocation Failure) 1.025: [ParNew: 139629K->139629K(157248K), 0.0000140 secs]1.025: [CMS: 338462K->342700K(349568K), 0.0570754 secs] 478091K->342700K(506816K), [Metaspace: 2566K->2566K(1056768K)], 0.0571641 secs] [Times: user=0.05 sys=0.00, real=0.06 secs] 
2020-10-28T17:12:16.367+0800: 1.082: [GC (CMS Initial Mark) [1 CMS-initial-mark: 342700K(349568K)] 343053K(506816K), 0.0001819 secs] [Times: user=0.00 sys=0.00, real=0.00 secs] 
2020-10-28T17:12:16.367+0800: 1.082: [CMS-concurrent-mark-start]
2020-10-28T17:12:16.368+0800: 1.084: [CMS-concurrent-mark: 0.001/0.001 secs] [Times: user=0.00 sys=0.00, real=0.00 secs] 
2020-10-28T17:12:16.368+0800: 1.084: [CMS-concurrent-preclean-start]
2020-10-28T17:12:16.369+0800: 1.084: [CMS-concurrent-preclean: 0.000/0.000 secs] [Times: user=0.00 sys=0.00, real=0.00 secs] 
2020-10-28T17:12:16.369+0800: 1.084: [CMS-concurrent-abortable-preclean-start]
2020-10-28T17:12:16.369+0800: 1.084: [CMS-concurrent-abortable-preclean: 0.000/0.000 secs] [Times: user=0.00 sys=0.00, real=0.00 secs] 
2020-10-28T17:12:16.369+0800: 1.084: [GC (CMS Final Remark) [YG occupancy: 16849 K (157248 K)]1.084: [Rescan (parallel) , 0.0002991 secs]1.085: [weak refs processing, 0.0000068 secs]1.085: [class unloading, 0.0002432 secs]1.085: [scrub symbol table, 0.0003447 secs]1.085: [scrub string table, 0.0000884 secs][1 CMS-remark: 342700K(349568K)] 359549K(506816K), 0.0010272 secs] [Times: user=0.00 sys=0.00, real=0.00 secs] 
2020-10-28T17:12:16.370+0800: 1.085: [CMS-concurrent-sweep-start]
2020-10-28T17:12:16.371+0800: 1.086: [CMS-concurrent-sweep: 0.001/0.001 secs] [Times: user=0.00 sys=0.00, real=0.00 secs] 
2020-10-28T17:12:16.371+0800: 1.086: [CMS-concurrent-reset-start]
2020-10-28T17:12:16.371+0800: 1.087: [CMS-concurrent-reset: 0.000/0.000 secs] [Times: user=0.00 sys=0.00, real=0.00 secs] 
Heap
 par new generation   total 157248K, used 82718K [0x00000000e0000000, 0x00000000eaaa0000, 0x00000000eaaa0000)
  eden space 139776K,  59% used [0x00000000e0000000, 0x00000000e50c7910, 0x00000000e8880000)
  from space 17472K,   0% used [0x00000000e8880000, 0x00000000e8880000, 0x00000000e9990000)
  to   space 17472K,   0% used [0x00000000e9990000, 0x00000000e9990000, 0x00000000eaaa0000)
 concurrent mark-sweep generation total 349568K, used 342079K [0x00000000eaaa0000, 0x0000000100000000, 0x0000000100000000)
 Metaspace       used 2572K, capacity 4486K, committed 4864K, reserved 1056768K
  class space    used 284K, capacity 386K, committed 512K, reserved 1048576K
